
> music-notator-app@0.1.0 build
> next build

   Γû▓ Next.js 15.5.12

   Creating an optimized production build ...
 Γ£ô Compiled successfully in 9.8s
   Linting and checking validity of types ...
node.exe : 
At C:\nvm4w\nodejs\npm.
ps1:29 char:3
+   & $NODE_EXE 
$NPM_CLI_JS $args
+   ~~~~~~~~~~~~~~~~~~~
~~~~~~~~~~
    + CategoryInfo     
         : NotSpecifi  
  ed: (:String) [],    
 RemoteException
    + FullyQualifiedEr 
   rorId : NativeComm  
  andError
 
Failed to compile.

./src/app/login/page.ts
x
77:24  Error: `'` can 
be escaped with 
`&apos;`, `&lsquo;`, 
`&#39;`, `&rsquo;`.  re
act/no-unescaped-entiti
es

./src/components/Editor
Panel.tsx
6:10  Warning: 'Music' 
is defined but never 
used.  @typescript-esli
nt/no-unused-vars

./src/components/notati
on/NumberedNotation.tsx
131:33  Warning: 
'tIndex' is defined 
but never used.  @types
cript-eslint/no-unused-
vars

./src/components/notati
on/StandardNotation.tsx
2:128  Warning: 
'Modifier' is defined 
but never used.  @types
cript-eslint/no-unused-
vars
4:29  Warning: 
'MeasureInfo' is 
defined but never 
used.  @typescript-esli
nt/no-unused-vars

./src/components/Toolba
r.tsx
4:10  Warning: 
'NotationMode' is 
defined but never 
used.  @typescript-esli
nt/no-unused-vars

./src/utils/exportUtils
.ts
89:11  Warning: 
'destNode' is assigned 
a value but never 
used.  @typescript-esli
nt/no-unused-vars

info  - Need to 
disable some ESLint 
rules? Learn more 
here: https://nextjs.or
g/docs/app/api-referenc
e/config/eslint#disabli
ng-rules
